\BOOKMARK [0][-]{chapter*.5}{\376\377\000A\000:\000\040\000M\000o\000d\000u\000l\000e\000s}{}% 1
\BOOKMARK [0][-]{chapter*.6}{\376\377\000B\000:\000\040\000R\000e\000v\000i\000e\000w\000\040\000o\000f\000\040\000L\000i\000n\000e\000a\000r\000\040\000A\000l\000g\000e\000b\000r\000a}{}% 2
\BOOKMARK [1][-]{section*.7}{\376\377\000T\000h\000e\000\040\000d\000e\000t\000e\000r\000m\000i\000n\000a\000n\000t}{chapter*.6}% 3
\BOOKMARK [0][-]{chapter*.8}{\376\377\000C\000:\000\040\000M\000a\000t\000r\000i\000x\000\040\000p\000o\000l\000y\000n\000o\000m\000i\000a\000l\000s\000\040\000a\000n\000d\000\040\000c\000l\000a\000s\000i\000f\000i\000c\000a\000t\000i\000o\000n\000\040\000o\000f\000\040\000p\000e\000n\000c\000i\000l\000s}{}% 4
\BOOKMARK [1][-]{section*.9}{\376\377\000M\000a\000t\000r\000i\000x\000\040\000p\000o\000l\000y\000n\000o\000m\000i\000a\000l\000s\000,\000\040\000p\000o\000l\000y\000n\000o\000m\000i\000a\000l\000\040\000m\000a\000t\000r\000i\000c\000e\000s}{chapter*.8}% 5
\BOOKMARK [0][-]{chapter*.12}{\376\377\000T\000h\000e\000\040\000D\000e\000s\000i\000g\000n\000\040\000o\000f\000\040\000T\000u\000f\000t\000e\000'\000s\000\040\000B\000o\000o\000k\000s}{}% 6
\BOOKMARK [1][-]{section*.13}{\376\377\000T\000y\000p\000e\000f\000a\000c\000e\000s}{chapter*.12}% 7
\BOOKMARK [1][-]{section*.14}{\376\377\000H\000e\000a\000d\000i\000n\000g\000s}{chapter*.12}% 8
\BOOKMARK [1][-]{section*.16}{\376\377\000E\000n\000v\000i\000r\000o\000n\000m\000e\000n\000t\000s}{chapter*.12}% 9
\BOOKMARK [0][-]{chapter*.17}{\376\377\000O\000n\000\040\000t\000h\000e\000\040\000U\000s\000e\000\040\000o\000f\000\040\000t\000h\000e\000\040\000t\000u\000f\000t\000e\000-\000b\000o\000o\000k\000\040\000D\000o\000c\000u\000m\000e\000n\000t\000\040\000C\000l\000a\000s\000s}{}% 10
\BOOKMARK [1][-]{section*.18}{\376\377\000P\000a\000g\000e\000\040\000L\000a\000y\000o\000u\000t}{chapter*.17}% 11
\BOOKMARK [1][-]{section*.20}{\376\377\000S\000i\000d\000e\000n\000o\000t\000e\000s}{chapter*.17}% 12
\BOOKMARK [1][-]{section*.21}{\376\377\000R\000e\000f\000e\000r\000e\000n\000c\000e\000s}{chapter*.17}% 13
\BOOKMARK [1][-]{section*.22}{\376\377\000F\000i\000g\000u\000r\000e\000s\000\040\000a\000n\000d\000\040\000T\000a\000b\000l\000e\000s}{chapter*.17}% 14
\BOOKMARK [1][-]{section*.23}{\376\377\000C\000a\000p\000t\000i\000o\000n\000s}{chapter*.17}% 15
\BOOKMARK [1][-]{section*.26}{\376\377\000F\000u\000l\000l\000-\000w\000i\000d\000t\000h\000\040\000t\000e\000x\000t\000\040\000b\000l\000o\000c\000k\000s}{chapter*.17}% 16
\BOOKMARK [1][-]{section*.27}{\376\377\000T\000y\000p\000o\000g\000r\000a\000p\000h\000y}{chapter*.17}% 17
\BOOKMARK [1][-]{section*.30}{\376\377\000D\000o\000c\000u\000m\000e\000n\000t\000\040\000C\000l\000a\000s\000s\000\040\000O\000p\000t\000i\000o\000n\000s}{chapter*.17}% 18
\BOOKMARK [0][-]{chapter*.31}{\376\377\000C\000u\000s\000t\000o\000m\000i\000z\000i\000n\000g\000\040\000T\000u\000f\000t\000e\000-\000L\000a\000T\000e\000X}{}% 19
\BOOKMARK [1][-]{section*.32}{\376\377\000F\000i\000l\000e\000\040\000H\000o\000o\000k\000s}{chapter*.31}% 20
\BOOKMARK [1][-]{section*.33}{\376\377\000N\000u\000m\000b\000e\000r\000e\000d\000\040\000S\000e\000c\000t\000i\000o\000n\000\040\000H\000e\000a\000d\000i\000n\000g\000s}{chapter*.31}% 21
\BOOKMARK [1][-]{section*.34}{\376\377\000C\000h\000a\000n\000g\000i\000n\000g\000\040\000t\000h\000e\000\040\000P\000a\000p\000e\000r\000\040\000S\000i\000z\000e}{chapter*.31}% 22
\BOOKMARK [1][-]{section*.35}{\376\377\000C\000u\000s\000t\000o\000m\000i\000z\000i\000n\000g\000\040\000M\000a\000r\000g\000i\000n\000a\000l\000\040\000M\000a\000t\000e\000r\000i\000a\000l}{chapter*.31}% 23
\BOOKMARK [0][-]{chapter*.36}{\376\377\000C\000o\000m\000p\000a\000t\000i\000b\000i\000l\000i\000t\000y\000\040\000I\000s\000s\000u\000e\000s}{}% 24
\BOOKMARK [1][-]{section*.37}{\376\377\000C\000o\000n\000v\000e\000r\000t\000i\000n\000g\000\040\000f\000r\000o\000m\000\040\000a\000r\000t\000i\000c\000l\000e\000\040\000t\000o\000\040\000t\000u\000f\000t\000e\000-\000h\000a\000n\000d\000o\000u\000t}{chapter*.36}% 25
\BOOKMARK [1][-]{section*.38}{\376\377\000C\000o\000n\000v\000e\000r\000t\000i\000n\000g\000\040\000f\000r\000o\000m\000\040\000b\000o\000o\000k\000\040\000t\000o\000\040\000t\000u\000f\000t\000e\000-\000b\000o\000o\000k}{chapter*.36}% 26
\BOOKMARK [0][-]{chapter*.39}{\376\377\000T\000r\000o\000u\000b\000l\000e\000s\000h\000o\000o\000t\000i\000n\000g\000\040\000a\000n\000d\000\040\000S\000u\000p\000p\000o\000r\000t}{}% 27
\BOOKMARK [1][-]{section*.40}{\376\377\000T\000u\000f\000t\000e\000-\000L\000a\000T\000e\000X\000\040\000W\000e\000b\000s\000i\000t\000e}{chapter*.39}% 28
\BOOKMARK [1][-]{section*.41}{\376\377\000T\000u\000f\000t\000e\000-\000L\000a\000T\000e\000X\000\040\000M\000a\000i\000l\000i\000n\000g\000\040\000L\000i\000s\000t\000s}{chapter*.39}% 29
\BOOKMARK [1][-]{section*.44}{\376\377\000G\000e\000t\000t\000i\000n\000g\000\040\000H\000e\000l\000p}{chapter*.39}% 30
\BOOKMARK [1][-]{section*.45}{\376\377\000E\000r\000r\000o\000r\000s\000,\000\040\000W\000a\000r\000n\000i\000n\000g\000s\000,\000\040\000a\000n\000d\000\040\000I\000n\000f\000o\000r\000m\000a\000t\000i\000o\000n\000a\000l\000\040\000M\000e\000s\000s\000a\000g\000e\000s}{chapter*.39}% 31
\BOOKMARK [1][-]{section*.46}{\376\377\000P\000a\000c\000k\000a\000g\000e\000\040\000D\000e\000p\000e\000n\000d\000e\000n\000c\000i\000e\000s}{chapter*.39}% 32
\BOOKMARK [0][-]{chapter*.47}{\376\377\000B\000i\000b\000l\000i\000o\000g\000r\000a\000p\000h\000y}{}% 33
\BOOKMARK [0][-]{chapter*.48}{\376\377\000I\000n\000d\000e\000x}{}% 34
